Membro de arquivo incluído para satisfazer referência por arquivo (símbolo)

contiki-arduino.a(process.o)  obj_arduino/la66.o (process_current)
contiki-arduino.a(serial-line.o)
                              teste_la66.co (serial_line_event_message)
contiki-arduino.a(list.o)     obj_arduino/at-master.o (list_init)
contiki-arduino.a(ctimer.o)   obj_arduino/la66.o (ctimer_set)
contiki-arduino.a(ringbuf.o)  contiki-arduino.a(serial-line.o) (ringbuf_init)
contiki-arduino.a(contiki-arduino)
                              /usr/lib/gcc/avr/5.4.0/../../../avr/lib/avr5/crtatmega328p.o (main)
contiki-arduino.a(clock.o)    contiki-arduino.a(contiki-arduino) (clock_init)
contiki-arduino.a(procinit.o)
                              contiki-arduino.a(contiki-arduino) (procinit_init)
contiki-arduino.a(autostart.o)
                              contiki-arduino.a(contiki-arduino) (autostart_start)
contiki-arduino.a(etimer.o)   contiki-arduino.a(clock.o) (etimer_request_poll)
contiki-arduino.a(rs232.o)    contiki-arduino.a(contiki-arduino) (rs232_init)
contiki-arduino.a(timer.o)    contiki-arduino.a(etimer.o) (timer_set)
/usr/lib/gcc/avr/5.4.0/avr5/libgcc.a(_exit.o)
                              /usr/lib/gcc/avr/5.4.0/../../../avr/lib/avr5/crtatmega328p.o (exit)
/usr/lib/gcc/avr/5.4.0/avr5/libgcc.a(_copy_data.o)
                              teste_la66.co (__do_copy_data)
/usr/lib/gcc/avr/5.4.0/avr5/libgcc.a(_clear_bss.o)
                              teste_la66.co (__do_clear_bss)
/usr/lib/gcc/avr/5.4.0/../../../avr/lib/avr5/libc.a(strncmp.o)
                              obj_arduino/at-master.o (strncmp)
/usr/lib/gcc/avr/5.4.0/../../../avr/lib/avr5/libc.a(strstr.o)
                              teste_la66.co (strstr)
/usr/lib/gcc/avr/5.4.0/../../../avr/lib/avr5/libc.a(iob.o)
                              contiki-arduino.a(rs232.o) (__iob)
/usr/lib/gcc/avr/5.4.0/../../../avr/lib/avr5/libc.a(printf.o)
                              teste_la66.co (printf)
/usr/lib/gcc/avr/5.4.0/../../../avr/lib/avr5/libc.a(printf_p.o)
                              contiki-arduino.a(contiki-arduino) (printf_P)
/usr/lib/gcc/avr/5.4.0/../../../avr/lib/avr5/libc.a(puts.o)
                              teste_la66.co (puts)
/usr/lib/gcc/avr/5.4.0/../../../avr/lib/avr5/libc.a(snprintf.o)
                              teste_la66.co (snprintf)
/usr/lib/gcc/avr/5.4.0/../../../avr/lib/avr5/libc.a(vfprintf_std.o)
                              /usr/lib/gcc/avr/5.4.0/../../../avr/lib/avr5/libc.a(printf.o) (vfprintf)
/usr/lib/gcc/avr/5.4.0/../../../avr/lib/avr5/libc.a(strnlen_P.o)
                              /usr/lib/gcc/avr/5.4.0/../../../avr/lib/avr5/libc.a(vfprintf_std.o) (strnlen_P)
/usr/lib/gcc/avr/5.4.0/../../../avr/lib/avr5/libc.a(strnlen.o)
                              /usr/lib/gcc/avr/5.4.0/../../../avr/lib/avr5/libc.a(vfprintf_std.o) (strnlen)
/usr/lib/gcc/avr/5.4.0/../../../avr/lib/avr5/libc.a(fputc.o)
                              /usr/lib/gcc/avr/5.4.0/../../../avr/lib/avr5/libc.a(vfprintf_std.o) (fputc)
/usr/lib/gcc/avr/5.4.0/../../../avr/lib/avr5/libc.a(ultoa_invert.o)
                              /usr/lib/gcc/avr/5.4.0/../../../avr/lib/avr5/libc.a(vfprintf_std.o) (__ultoa_invert)
/usr/lib/gcc/avr/5.4.0/avr5/libgcc.a(_prologue.o)
                              /usr/lib/gcc/avr/5.4.0/../../../avr/lib/avr5/libc.a(printf.o) (__prologue_saves__)
/usr/lib/gcc/avr/5.4.0/avr5/libgcc.a(_epilogue.o)
                              /usr/lib/gcc/avr/5.4.0/../../../avr/lib/avr5/libc.a(printf.o) (__epilogue_restores__)

Alocação de símbolos comuns
Símbolo comum       tamanho           arquivo

at_cmd_list_list    0x2               obj_arduino/at-master.o
at_cmd_list         0x2               obj_arduino/at-master.o
process_maxevents   0x1               contiki-arduino.a(process.o)
at_cmd_received_event
                    0x1               obj_arduino/at-master.o
PROCESS_EVENT_LA66_RESPONSE
                    0x1               obj_arduino/la66.o
sleepseconds        0x4               contiki-arduino.a(clock.o)
seconds             0x4               contiki-arduino.a(clock.o)
input_handler_0     0x2               contiki-arduino.a(rs232.o)
serial_line_event_message
                    0x1               contiki-arduino.a(serial-line.o)
__iob               0x6               /usr/lib/gcc/avr/5.4.0/../../../avr/lib/avr5/libc.a(iob.o)

Configuração de memória

Nome             Origem             Tamanho            Atributos
text             0x0000000000000000 0x0000000000008000 xr
data             0x0000000000800100 0x0000000000000800 rw !x
eeprom           0x0000000000810000 0x0000000000000400 rw !x
fuse             0x0000000000820000 0x0000000000000003 rw !x
lock             0x0000000000830000 0x0000000000000400 rw !x
signature        0x0000000000840000 0x0000000000000400 rw !x
user_signatures  0x0000000000850000 0x0000000000000400 rw !x
*default*        0x0000000000000000 0xffffffffffffffff

Mapa de memória e script de vinculador

Endereço de seção .data definido para 0x800100
LOAD /usr/lib/gcc/avr/5.4.0/../../../avr/lib/avr5/crtatmega328p.o
Endereço de seção .bootloader definido para 0x1f800
LOAD teste_la66.co
LOAD obj_arduino/software_uart_serial_line.o
LOAD obj_arduino/la66.o
LOAD obj_arduino/at-master.o
LOAD contiki-arduino.a
START GROUP
LOAD /usr/lib/gcc/avr/5.4.0/avr5/libgcc.a
LOAD /usr/lib/gcc/avr/5.4.0/../../../avr/lib/avr5/libm.a
LOAD /usr/lib/gcc/avr/5.4.0/../../../avr/lib/avr5/libc.a
LOAD /usr/lib/gcc/avr/5.4.0/../../../avr/lib/avr5/libatmega328p.a
END GROUP
                0x0000000000000000                __TEXT_REGION_ORIGIN__ = DEFINED (__TEXT_REGION_ORIGIN__)?__TEXT_REGION_ORIGIN__:0x0
                [0x0000000000800100]                __DATA_REGION_ORIGIN__ = DEFINED (__DATA_REGION_ORIGIN__)?__DATA_REGION_ORIGIN__:0x800060
                [0x0000000000008000]                __TEXT_REGION_LENGTH__ = DEFINED (__TEXT_REGION_LENGTH__)?__TEXT_REGION_LENGTH__:0x20000
                [0x0000000000000800]                __DATA_REGION_LENGTH__ = DEFINED (__DATA_REGION_LENGTH__)?__DATA_REGION_LENGTH__:0xffa0
                [0x0000000000000400]                __EEPROM_REGION_LENGTH__ = DEFINED (__EEPROM_REGION_LENGTH__)?__EEPROM_REGION_LENGTH__:0x10000
                [0x0000000000000003]                __FUSE_REGION_LENGTH__ = DEFINED (__FUSE_REGION_LENGTH__)?__FUSE_REGION_LENGTH__:0x400
                0x0000000000000400                __LOCK_REGION_LENGTH__ = DEFINED (__LOCK_REGION_LENGTH__)?__LOCK_REGION_LENGTH__:0x400
                0x0000000000000400                __SIGNATURE_REGION_LENGTH__ = DEFINED (__SIGNATURE_REGION_LENGTH__)?__SIGNATURE_REGION_LENGTH__:0x400
                0x0000000000000400                __USER_SIGNATURE_REGION_LENGTH__ = DEFINED (__USER_SIGNATURE_REGION_LENGTH__)?__USER_SIGNATURE_REGION_LENGTH__:0x400

.hash
 *(.hash)

.dynsym
 *(.dynsym)

.dynstr
 *(.dynstr)

.gnu.version
 *(.gnu.version)

.gnu.version_d
 *(.gnu.version_d)

.gnu.version_r
 *(.gnu.version_r)

.rel.init
 *(.rel.init)

.rela.init
 *(.rela.init)

.rel.text
 *(.rel.text)
 *(.rel.text.*)
 *(.rel.gnu.linkonce.t*)

.rela.text
 *(.rela.text)
 *(.rela.text.*)
 *(.rela.gnu.linkonce.t*)

.rel.fini
 *(.rel.fini)

.rela.fini
 *(.rela.fini)

.rel.rodata
 *(.rel.rodata)
 *(.rel.rodata.*)
 *(.rel.gnu.linkonce.r*)

.rela.rodata
 *(.rela.rodata)
 *(.rela.rodata.*)
 *(.rela.gnu.linkonce.r*)

.rel.data
 *(.rel.data)
 *(.rel.data.*)
 *(.rel.gnu.linkonce.d*)

.rela.data
 *(.rela.data)
 *(.rela.data.*)
 *(.rela.gnu.linkonce.d*)

.rel.ctors
 *(.rel.ctors)

.rela.ctors
 *(.rela.ctors)

.rel.dtors
 *(.rel.dtors)

.rela.dtors
 *(.rela.dtors)

.rel.got
 *(.rel.got)

.rela.got
 *(.rela.got)

.rel.bss
 *(.rel.bss)

.rela.bss
 *(.rela.bss)

.rel.plt
 *(.rel.plt)

.rela.plt
 *(.rela.plt)

.text           0x0000000000000000     0x21e8
 *(.vectors)
 .vectors       0x0000000000000000       0x68 /usr/lib/gcc/avr/5.4.0/../../../avr/lib/avr5/crtatmega328p.o
                0x0000000000000000                __vectors
                0x0000000000000000                __vector_default
 *(.vectors)
 *(.progmem.gcc*)
                0x0000000000000068                . = ALIGN (0x2)
                0x0000000000000068                __trampolines_start = .
 *(.trampolines)
 .trampolines   0x0000000000000068        0x0 linker stubs
 *(.trampolines*)
                0x0000000000000068                __trampolines_end = .
 *libprintf_flt.a:*(.progmem.data)
 *libc.a:*(.progmem.data)
 *(.progmem*)
 .progmem.data  0x0000000000000068       0x36 contiki-arduino.a(contiki-arduino)
                0x000000000000009e                . = ALIGN (0x2)
 *(.jumptables)
 *(.jumptables*)
 *(.lowtext)
 *(.lowtext*)
                0x000000000000009e                __ctors_start = .
 *(.ctors)
                0x000000000000009e                __ctors_end = .
                0x000000000000009e                __dtors_start = .
 *(.dtors)
                0x000000000000009e                __dtors_end = .
 SORT(*)(.ctors)
 SORT(*)(.dtors)
 *(.init0)
 .init0         0x000000000000009e        0x0 /usr/lib/gcc/avr/5.4.0/../../../avr/lib/avr5/crtatmega328p.o
                0x000000000000009e                __init
 *(.init0)
 *(.init1)
 *(.init1)
 *(.init2)
 .init2         0x000000000000009e        0xc /usr/lib/gcc/avr/5.4.0/../../../avr/lib/avr5/crtatmega328p.o
 *(.init2)
 *(.init3)
 *(.init3)
 *(.init4)
 .init4         0x00000000000000aa       0x16 /usr/lib/gcc/avr/5.4.0/avr5/libgcc.a(_copy_data.o)
                0x00000000000000aa                __do_copy_data
 .init4         0x00000000000000c0       0x10 /usr/lib/gcc/avr/5.4.0/avr5/libgcc.a(_clear_bss.o)
                0x00000000000000c0                __do_clear_bss
 *(.init4)
 *(.init5)
 *(.init5)
 *(.init6)
 *(.init6)
 *(.init7)
 *(.init7)
 *(.init8)
 *(.init8)
 *(.init9)
 .init9         0x00000000000000d0        0x8 /usr/lib/gcc/avr/5.4.0/../../../avr/lib/avr5/crtatmega328p.o
 *(.init9)
 *(.text)
 .text          0x00000000000000d8        0x4 /usr/lib/gcc/avr/5.4.0/../../../avr/lib/avr5/crtatmega328p.o
                0x00000000000000d8                __vector_22
                0x00000000000000d8                __vector_1
                0x00000000000000d8                __vector_24
                0x00000000000000d8                __vector_12
                0x00000000000000d8                __bad_interrupt
                0x00000000000000d8                __vector_6
                0x00000000000000d8                __vector_23
                0x00000000000000d8                __vector_25
                0x00000000000000d8                __vector_13
                0x00000000000000d8                __vector_17
                0x00000000000000d8                __vector_19
                0x00000000000000d8                __vector_7
                0x00000000000000d8                __vector_5
                0x00000000000000d8                __vector_4
                0x00000000000000d8                __vector_9
                0x00000000000000d8                __vector_2
                0x00000000000000d8                __vector_21
                0x00000000000000d8                __vector_15
                0x00000000000000d8                __vector_8
                0x00000000000000d8                __vector_10
                0x00000000000000d8                __vector_16
                0x00000000000000d8                __vector_20
 .text          0x00000000000000dc      0x1be teste_la66.co
 .text          0x000000000000029a      0x1d8 obj_arduino/software_uart_serial_line.o
                0x000000000000029a                soft_uart_init
                0x00000000000002d0                soft_uart_write_byte
                0x0000000000000310                soft_uart_write_string
                0x0000000000000328                __vector_3
                0x0000000000000388                __vector_11
 .text          0x0000000000000472      0x470 obj_arduino/la66.o
 .text          0x00000000000008e2      0x210 obj_arduino/at-master.o
                0x00000000000009f4                at_list
                0x0000000000000a00                at_send
                0x0000000000000a36                at_init
                0x0000000000000a7e                at_register
 .text          0x0000000000000af2      0x358 contiki-arduino.a(process.o)
                0x0000000000000c66                process_alloc_event
                0x0000000000000c74                process_exit
                0x0000000000000c80                process_init
                0x0000000000000ca4                process_run
                0x0000000000000d64                process_nevents
                0x0000000000000d74                process_post
                0x0000000000000dbe                process_post_synch
                0x0000000000000ddc                process_start
                0x0000000000000e1e                process_poll
                0x0000000000000e36                process_is_running
 .text          0x0000000000000e4a      0x130 contiki-arduino.a(serial-line.o)
                0x0000000000000f16                serial_line_input_byte
                0x0000000000000f60                serial_line_init
 .text          0x0000000000000f7a      0x16a contiki-arduino.a(list.o)
                0x0000000000000f7a                list_init
                0x0000000000000f82                list_head
                0x0000000000000f8a                list_copy
                0x0000000000000f98                list_tail
                0x0000000000000fb8                list_chop
                0x0000000000000ff4                list_pop
                0x000000000000100c                list_remove
                0x0000000000001042                list_add
                0x0000000000001074                list_push
                0x000000000000109c                list_length
                0x00000000000010b6                list_insert
                0x00000000000010d2                list_item_next
 .text          0x00000000000010e4      0x258 contiki-arduino.a(ctimer.o)
                0x00000000000011ac                ctimer_init
                0x00000000000011c4                ctimer_set
                0x0000000000001228                ctimer_reset
                0x000000000000127a                ctimer_restart
                0x00000000000012cc                ctimer_stop
                0x00000000000012fa                ctimer_expired
 .text          0x000000000000133c       0xaa contiki-arduino.a(ringbuf.o)
                0x000000000000133c                ringbuf_init
                0x000000000000134c                ringbuf_put
                0x000000000000138c                ringbuf_get
                0x00000000000013c6                ringbuf_size
                0x00000000000013d0                ringbuf_elements
 .text          0x00000000000013e6       0x1a contiki-arduino.a(contiki-arduino)
                0x00000000000013e6                init_lowlevel
 .text          0x0000000000001400      0x1cc contiki-arduino.a(clock.o)
                0x0000000000001400                clock_init
                0x000000000000141a                clock_time
                0x0000000000001432                clock_seconds
                0x0000000000001466                clock_set_seconds
                0x0000000000001478                clock_wait
                0x0000000000001498                clock_delay_usec
                0x00000000000014aa                clock_delay_msec
                0x00000000000014bc                clock_adjust_ticks
                0x0000000000001560                __vector_14
 .text          0x00000000000015cc       0x20 contiki-arduino.a(procinit.o)
                0x00000000000015cc                procinit_init
 .text          0x00000000000015ec       0x38 contiki-arduino.a(autostart.o)
                0x00000000000015ec                autostart_start
                0x000000000000160a                autostart_exit
 .text          0x0000000000001624      0x2be contiki-arduino.a(etimer.o)
                0x0000000000001688                etimer_request_poll
                0x00000000000017e6                etimer_set
                0x00000000000017fa                etimer_reset
                0x000000000000180e                etimer_restart
                0x0000000000001822                etimer_adjust
                0x0000000000001834                etimer_expired
                0x000000000000184a                etimer_expiration_time
                0x000000000000185a                etimer_start_time
                0x0000000000001862                etimer_pending
                0x0000000000001878                etimer_next_expiration_time
                0x0000000000001894                etimer_stop
 .text          0x00000000000018e2      0x112 contiki-arduino.a(rs232.o)
                0x00000000000018e2                __vector_18
                0x0000000000001938                rs232_init
                0x0000000000001958                rs232_send
                0x000000000000196a                rs232_stdout_putchar
                0x0000000000001994                rs232_set_input
                0x00000000000019a2                rs232_print
                0x00000000000019d4                slip_arch_writeb
                0x00000000000019e2                rs232_redirect_stdout
 .text          0x00000000000019f4       0x94 contiki-arduino.a(timer.o)
                0x00000000000019f4                timer_set
                0x0000000000001a0c                timer_reset
                0x0000000000001a20                timer_restart
                0x0000000000001a34                timer_expired
                0x0000000000001a64                timer_remaining
 .text          0x0000000000001a88        0x0 /usr/lib/gcc/avr/5.4.0/avr5/libgcc.a(_exit.o)
 .text          0x0000000000001a88        0x0 /usr/lib/gcc/avr/5.4.0/avr5/libgcc.a(_copy_data.o)
 .text          0x0000000000001a88        0x0 /usr/lib/gcc/avr/5.4.0/avr5/libgcc.a(_clear_bss.o)
 .text          0x0000000000001a88        0x0 /usr/lib/gcc/avr/5.4.0/../../../avr/lib/avr5/libc.a(strncmp.o)
 .text          0x0000000000001a88        0x0 /usr/lib/gcc/avr/5.4.0/../../../avr/lib/avr5/libc.a(strstr.o)
 .text          0x0000000000001a88        0x0 /usr/lib/gcc/avr/5.4.0/../../../avr/lib/avr5/libc.a(iob.o)
 .text          0x0000000000001a88        0x0 /usr/lib/gcc/avr/5.4.0/../../../avr/lib/avr5/libc.a(printf.o)
 .text          0x0000000000001a88        0x0 /usr/lib/gcc/avr/5.4.0/../../../avr/lib/avr5/libc.a(printf_p.o)
 .text          0x0000000000001a88        0x0 /usr/lib/gcc/avr/5.4.0/../../../avr/lib/avr5/libc.a(puts.o)
 .text          0x0000000000001a88        0x0 /usr/lib/gcc/avr/5.4.0/../../../avr/lib/avr5/libc.a(snprintf.o)
 .text          0x0000000000001a88        0x0 /usr/lib/gcc/avr/5.4.0/../../../avr/lib/avr5/libc.a(vfprintf_std.o)
 .text          0x0000000000001a88        0x0 /usr/lib/gcc/avr/5.4.0/../../../avr/lib/avr5/libc.a(strnlen_P.o)
 .text          0x0000000000001a88        0x0 /usr/lib/gcc/avr/5.4.0/../../../avr/lib/avr5/libc.a(strnlen.o)
 .text          0x0000000000001a88        0x0 /usr/lib/gcc/avr/5.4.0/../../../avr/lib/avr5/libc.a(fputc.o)
 .text          0x0000000000001a88        0x0 /usr/lib/gcc/avr/5.4.0/../../../avr/lib/avr5/libc.a(ultoa_invert.o)
 .text          0x0000000000001a88        0x0 /usr/lib/gcc/avr/5.4.0/avr5/libgcc.a(_prologue.o)
 .text          0x0000000000001a88        0x0 /usr/lib/gcc/avr/5.4.0/avr5/libgcc.a(_epilogue.o)
                0x0000000000001a88                . = ALIGN (0x2)
 *(.text.*)
 .text.startup  0x0000000000001a88       0x44 contiki-arduino.a(contiki-arduino)
                0x0000000000001a88                main
 .text.libgcc.mul
                0x0000000000001acc        0x0 /usr/lib/gcc/avr/5.4.0/avr5/libgcc.a(_exit.o)
 .text.libgcc.div
                0x0000000000001acc        0x0 /usr/lib/gcc/avr/5.4.0/avr5/libgcc.a(_exit.o)
 .text.libgcc   0x0000000000001acc        0x0 /usr/lib/gcc/avr/5.4.0/avr5/libgcc.a(_exit.o)
 .text.libgcc.prologue
                0x0000000000001acc        0x0 /usr/lib/gcc/avr/5.4.0/avr5/libgcc.a(_exit.o)
 .text.libgcc.builtins
                0x0000000000001acc        0x0 /usr/lib/gcc/avr/5.4.0/avr5/libgcc.a(_exit.o)
 .text.libgcc.fmul
                0x0000000000001acc        0x0 /usr/lib/gcc/avr/5.4.0/avr5/libgcc.a(_exit.o)
 .text.libgcc.fixed
                0x0000000000001acc        0x0 /usr/lib/gcc/avr/5.4.0/avr5/libgcc.a(_exit.o)
 .text.libgcc.mul
                0x0000000000001acc        0x0 /usr/lib/gcc/avr/5.4.0/avr5/libgcc.a(_copy_data.o)
 .text.libgcc.div
                0x0000000000001acc        0x0 /usr/lib/gcc/avr/5.4.0/avr5/libgcc.a(_copy_data.o)
 .text.libgcc   0x0000000000001acc        0x0 /usr/lib/gcc/avr/5.4.0/avr5/libgcc.a(_copy_data.o)
 .text.libgcc.prologue
                0x0000000000001acc        0x0 /usr/lib/gcc/avr/5.4.0/avr5/libgcc.a(_copy_data.o)
 .text.libgcc.builtins
                0x0000000000001acc        0x0 /usr/lib/gcc/avr/5.4.0/avr5/libgcc.a(_copy_data.o)
 .text.libgcc.fmul
                0x0000000000001acc        0x0 /usr/lib/gcc/avr/5.4.0/avr5/libgcc.a(_copy_data.o)
 .text.libgcc.fixed
                0x0000000000001acc        0x0 /usr/lib/gcc/avr/5.4.0/avr5/libgcc.a(_copy_data.o)
 .text.libgcc.mul
                0x0000000000001acc        0x0 /usr/lib/gcc/avr/5.4.0/avr5/libgcc.a(_clear_bss.o)
 .text.libgcc.div
                0x0000000000001acc        0x0 /usr/lib/gcc/avr/5.4.0/avr5/libgcc.a(_clear_bss.o)
 .text.libgcc   0x0000000000001acc        0x0 /usr/lib/gcc/avr/5.4.0/avr5/libgcc.a(_clear_bss.o)
 .text.libgcc.prologue
                0x0000000000001acc        0x0 /usr/lib/gcc/avr/5.4.0/avr5/libgcc.a(_clear_bss.o)
 .text.libgcc.builtins
                0x0000000000001acc        0x0 /usr/lib/gcc/avr/5.4.0/avr5/libgcc.a(_clear_bss.o)
 .text.libgcc.fmul
                0x0000000000001acc        0x0 /usr/lib/gcc/avr/5.4.0/avr5/libgcc.a(_clear_bss.o)
 .text.libgcc.fixed
                0x0000000000001acc        0x0 /usr/lib/gcc/avr/5.4.0/avr5/libgcc.a(_clear_bss.o)
 .text.avr-libc
                0x0000000000001acc       0x1c /usr/lib/gcc/avr/5.4.0/../../../avr/lib/avr5/libc.a(strncmp.o)
                0x0000000000001acc                strncmp
 .text.avr-libc
                0x0000000000001ae8       0x34 /usr/lib/gcc/avr/5.4.0/../../../avr/lib/avr5/libc.a(strstr.o)
                0x0000000000001ae8                strstr
 .text.avr-libc
                0x0000000000001b1c       0x2c /usr/lib/gcc/avr/5.4.0/../../../avr/lib/avr5/libc.a(printf.o)
                0x0000000000001b1c                printf
 .text.avr-libc
                0x0000000000001b48       0x4c /usr/lib/gcc/avr/5.4.0/../../../avr/lib/avr5/libc.a(printf_p.o)
                0x0000000000001b48                printf_P
 .text.avr-libc
                0x0000000000001b94       0x60 /usr/lib/gcc/avr/5.4.0/../../../avr/lib/avr5/libc.a(puts.o)
                0x0000000000001b94                puts
 .text.avr-libc
                0x0000000000001bf4       0x60 /usr/lib/gcc/avr/5.4.0/../../../avr/lib/avr5/libc.a(snprintf.o)
                0x0000000000001bf4                snprintf
 .text.avr-libc
                0x0000000000001c54      0x3c2 /usr/lib/gcc/avr/5.4.0/../../../avr/lib/avr5/libc.a(vfprintf_std.o)
                0x0000000000001c54                vfprintf
 .text.avr-libc
                0x0000000000002016       0x16 /usr/lib/gcc/avr/5.4.0/../../../avr/lib/avr5/libc.a(strnlen_P.o)
                0x0000000000002016                strnlen_P
 .text.avr-libc
                0x000000000000202c       0x16 /usr/lib/gcc/avr/5.4.0/../../../avr/lib/avr5/libc.a(strnlen.o)
                0x000000000000202c                strnlen
 .text.avr-libc
                0x0000000000002042       0x78 /usr/lib/gcc/avr/5.4.0/../../../avr/lib/avr5/libc.a(fputc.o)
                0x0000000000002042                fputc
 .text.avr-libc
                0x00000000000020ba       0xbc /usr/lib/gcc/avr/5.4.0/../../../avr/lib/avr5/libc.a(ultoa_invert.o)
                0x00000000000020ba                __ultoa_invert
 .text.libgcc.mul
                0x0000000000002176        0x0 /usr/lib/gcc/avr/5.4.0/avr5/libgcc.a(_prologue.o)
 .text.libgcc.div
                0x0000000000002176        0x0 /usr/lib/gcc/avr/5.4.0/avr5/libgcc.a(_prologue.o)
 .text.libgcc   0x0000000000002176        0x0 /usr/lib/gcc/avr/5.4.0/avr5/libgcc.a(_prologue.o)
 .text.libgcc.prologue
                0x0000000000002176       0x38 /usr/lib/gcc/avr/5.4.0/avr5/libgcc.a(_prologue.o)
                0x0000000000002176                __prologue_saves__
 .text.libgcc.builtins
                0x00000000000021ae        0x0 /usr/lib/gcc/avr/5.4.0/avr5/libgcc.a(_prologue.o)
 .text.libgcc.fmul
                0x00000000000021ae        0x0 /usr/lib/gcc/avr/5.4.0/avr5/libgcc.a(_prologue.o)
 .text.libgcc.fixed
                0x00000000000021ae        0x0 /usr/lib/gcc/avr/5.4.0/avr5/libgcc.a(_prologue.o)
 .text.libgcc.mul
                0x00000000000021ae        0x0 /usr/lib/gcc/avr/5.4.0/avr5/libgcc.a(_epilogue.o)
 .text.libgcc.div
                0x00000000000021ae        0x0 /usr/lib/gcc/avr/5.4.0/avr5/libgcc.a(_epilogue.o)
 .text.libgcc   0x00000000000021ae        0x0 /usr/lib/gcc/avr/5.4.0/avr5/libgcc.a(_epilogue.o)
 .text.libgcc.prologue
                0x00000000000021ae       0x36 /usr/lib/gcc/avr/5.4.0/avr5/libgcc.a(_epilogue.o)
                0x00000000000021ae                __epilogue_restores__
 .text.libgcc.builtins
                0x00000000000021e4        0x0 /usr/lib/gcc/avr/5.4.0/avr5/libgcc.a(_epilogue.o)
 .text.libgcc.fmul
                0x00000000000021e4        0x0 /usr/lib/gcc/avr/5.4.0/avr5/libgcc.a(_epilogue.o)
 .text.libgcc.fixed
                0x00000000000021e4        0x0 /usr/lib/gcc/avr/5.4.0/avr5/libgcc.a(_epilogue.o)
                0x00000000000021e4                . = ALIGN (0x2)
 *(.fini9)
 .fini9         0x00000000000021e4        0x0 /usr/lib/gcc/avr/5.4.0/avr5/libgcc.a(_exit.o)
                0x00000000000021e4                exit
                0x00000000000021e4                _exit
 *(.fini9)
 *(.fini8)
 *(.fini8)
 *(.fini7)
 *(.fini7)
 *(.fini6)
 *(.fini6)
 *(.fini5)
 *(.fini5)
 *(.fini4)
 *(.fini4)
 *(.fini3)
 *(.fini3)
 *(.fini2)
 *(.fini2)
 *(.fini1)
 *(.fini1)
 *(.fini0)
 .fini0         0x00000000000021e4        0x4 /usr/lib/gcc/avr/5.4.0/avr5/libgcc.a(_exit.o)
 *(.fini0)
                0x00000000000021e8                _etext = .

.data           0x0000000000800100      0x51e carga com endereço 0x00000000000021e8
                0x0000000000800100                PROVIDE (__data_start, .)
 *(.data)
 .data          0x0000000000800100        0x0 /usr/lib/gcc/avr/5.4.0/../../../avr/lib/avr5/crtatmega328p.o
 .data          0x0000000000800100        0x8 teste_la66.co
                0x0000000000800100                la66_main_process
 .data          0x0000000000800108        0x0 obj_arduino/software_uart_serial_line.o
 .data          0x0000000000800108        0x8 obj_arduino/la66.o
                0x0000000000800108                la66_process
 .data          0x0000000000800110        0x8 obj_arduino/at-master.o
                0x0000000000800110                at_process
 .data          0x0000000000800118        0x0 contiki-arduino.a(process.o)
 .data          0x0000000000800118        0x8 contiki-arduino.a(serial-line.o)
                0x0000000000800118                serial_line_process
 .data          0x0000000000800120        0x0 contiki-arduino.a(list.o)
 .data          0x0000000000800120        0x8 contiki-arduino.a(ctimer.o)
                0x0000000000800120                ctimer_process
 .data          0x0000000000800128        0x0 contiki-arduino.a(ringbuf.o)
 .data          0x0000000000800128        0x6 contiki-arduino.a(contiki-arduino)
                0x0000000000800128                procinit
 .data          0x000000000080012e        0x0 contiki-arduino.a(clock.o)
 .data          0x000000000080012e        0x0 contiki-arduino.a(procinit.o)
 .data          0x000000000080012e        0x0 contiki-arduino.a(autostart.o)
 .data          0x000000000080012e        0x8 contiki-arduino.a(etimer.o)
                0x000000000080012e                etimer_process
 .data          0x0000000000800136        0xe contiki-arduino.a(rs232.o)
 .data          0x0000000000800144        0x0 contiki-arduino.a(timer.o)
 .data          0x0000000000800144        0x0 /usr/lib/gcc/avr/5.4.0/avr5/libgcc.a(_exit.o)
 .data          0x0000000000800144        0x0 /usr/lib/gcc/avr/5.4.0/avr5/libgcc.a(_copy_data.o)
 .data          0x0000000000800144        0x0 /usr/lib/gcc/avr/5.4.0/avr5/libgcc.a(_clear_bss.o)
 .data          0x0000000000800144        0x0 /usr/lib/gcc/avr/5.4.0/../../../avr/lib/avr5/libc.a(strncmp.o)
 .data          0x0000000000800144        0x0 /usr/lib/gcc/avr/5.4.0/../../../avr/lib/avr5/libc.a(strstr.o)
 .data          0x0000000000800144        0x0 /usr/lib/gcc/avr/5.4.0/../../../avr/lib/avr5/libc.a(iob.o)
 .data          0x0000000000800144        0x0 /usr/lib/gcc/avr/5.4.0/../../../avr/lib/avr5/libc.a(printf.o)
 .data          0x0000000000800144        0x0 /usr/lib/gcc/avr/5.4.0/../../../avr/lib/avr5/libc.a(printf_p.o)
 .data          0x0000000000800144        0x0 /usr/lib/gcc/avr/5.4.0/../../../avr/lib/avr5/libc.a(puts.o)
 .data          0x0000000000800144        0x0 /usr/lib/gcc/avr/5.4.0/../../../avr/lib/avr5/libc.a(snprintf.o)
 .data          0x0000000000800144        0x0 /usr/lib/gcc/avr/5.4.0/../../../avr/lib/avr5/libc.a(vfprintf_std.o)
 .data          0x0000000000800144        0x0 /usr/lib/gcc/avr/5.4.0/../../../avr/lib/avr5/libc.a(strnlen_P.o)
 .data          0x0000000000800144        0x0 /usr/lib/gcc/avr/5.4.0/../../../avr/lib/avr5/libc.a(strnlen.o)
 .data          0x0000000000800144        0x0 /usr/lib/gcc/avr/5.4.0/../../../avr/lib/avr5/libc.a(fputc.o)
 .data          0x0000000000800144        0x0 /usr/lib/gcc/avr/5.4.0/../../../avr/lib/avr5/libc.a(ultoa_invert.o)
 .data          0x0000000000800144        0x0 /usr/lib/gcc/avr/5.4.0/avr5/libgcc.a(_prologue.o)
 .data          0x0000000000800144        0x0 /usr/lib/gcc/avr/5.4.0/avr5/libgcc.a(_epilogue.o)
 *(.data*)
 *(.gnu.linkonce.d*)
 *(.rodata)
 .rodata        0x0000000000800144        0x4 teste_la66.co
                0x0000000000800144                autostart_processes
 .rodata        0x0000000000800148       0x10 obj_arduino/la66.o
                0x0000000000800148                LA66_DRIVER
 *(.rodata*)
 .rodata.str1.1
                0x0000000000800158      0x1f4 teste_la66.co
                                        0x1f9 (tamanho antes de relaxar)
 .rodata.str1.1
                0x000000000080034c      0x247 obj_arduino/la66.o
                                        0x24f (tamanho antes de relaxar)
 .rodata.str1.1
                0x0000000000800593       0x8a obj_arduino/at-master.o
 *(.gnu.linkonce.r*)
                0x000000000080061e                . = ALIGN (0x2)
 *fill*         0x000000000080061d        0x1 
                0x000000000080061e                _edata = .
                0x000000000080061e                PROVIDE (__data_end, .)

.bss            0x000000000080061e      0x1a4
                0x000000000080061e                PROVIDE (__bss_start, .)
 *(.bss)
 .bss           0x000000000080061e        0x0 /usr/lib/gcc/avr/5.4.0/../../../avr/lib/avr5/crtatmega328p.o
 .bss           0x000000000080061e        0x1 teste_la66.co
 .bss           0x000000000080061f        0x4 obj_arduino/software_uart_serial_line.o
 .bss           0x0000000000800623       0x3e obj_arduino/la66.o
 .bss           0x0000000000800661        0x1 obj_arduino/at-master.o
 .bss           0x0000000000800662       0x35 contiki-arduino.a(process.o)
                0x0000000000800662                process_current
                0x0000000000800664                process_list
 .bss           0x0000000000800697      0x108 contiki-arduino.a(serial-line.o)
 .bss           0x000000000080079f        0x0 contiki-arduino.a(list.o)
 .bss           0x000000000080079f        0x3 contiki-arduino.a(ctimer.o)
 .bss           0x00000000008007a2        0x0 contiki-arduino.a(ringbuf.o)
 .bss           0x00000000008007a2        0x0 contiki-arduino.a(contiki-arduino)
 .bss           0x00000000008007a2        0x3 contiki-arduino.a(clock.o)
 .bss           0x00000000008007a5        0x0 contiki-arduino.a(procinit.o)
 .bss           0x00000000008007a5        0x0 contiki-arduino.a(autostart.o)
 .bss           0x00000000008007a5        0x4 contiki-arduino.a(etimer.o)
 .bss           0x00000000008007a9        0x1 contiki-arduino.a(rs232.o)
 .bss           0x00000000008007aa        0x0 contiki-arduino.a(timer.o)
 .bss           0x00000000008007aa        0x0 /usr/lib/gcc/avr/5.4.0/avr5/libgcc.a(_exit.o)
 .bss           0x00000000008007aa        0x0 /usr/lib/gcc/avr/5.4.0/avr5/libgcc.a(_copy_data.o)
 .bss           0x00000000008007aa        0x0 /usr/lib/gcc/avr/5.4.0/avr5/libgcc.a(_clear_bss.o)
 .bss           0x00000000008007aa        0x0 /usr/lib/gcc/avr/5.4.0/../../../avr/lib/avr5/libc.a(strncmp.o)
 .bss           0x00000000008007aa        0x0 /usr/lib/gcc/avr/5.4.0/../../../avr/lib/avr5/libc.a(strstr.o)
 .bss           0x00000000008007aa        0x0 /usr/lib/gcc/avr/5.4.0/../../../avr/lib/avr5/libc.a(iob.o)
 .bss           0x00000000008007aa        0x0 /usr/lib/gcc/avr/5.4.0/../../../avr/lib/avr5/libc.a(printf.o)
 .bss           0x00000000008007aa        0x0 /usr/lib/gcc/avr/5.4.0/../../../avr/lib/avr5/libc.a(printf_p.o)
 .bss           0x00000000008007aa        0x0 /usr/lib/gcc/avr/5.4.0/../../../avr/lib/avr5/libc.a(puts.o)
 .bss           0x00000000008007aa        0x0 /usr/lib/gcc/avr/5.4.0/../../../avr/lib/avr5/libc.a(snprintf.o)
 .bss           0x00000000008007aa        0x0 /usr/lib/gcc/avr/5.4.0/../../../avr/lib/avr5/libc.a(vfprintf_std.o)
 .bss           0x00000000008007aa        0x0 /usr/lib/gcc/avr/5.4.0/../../../avr/lib/avr5/libc.a(strnlen_P.o)
 .bss           0x00000000008007aa        0x0 /usr/lib/gcc/avr/5.4.0/../../../avr/lib/avr5/libc.a(strnlen.o)
 .bss           0x00000000008007aa        0x0 /usr/lib/gcc/avr/5.4.0/../../../avr/lib/avr5/libc.a(fputc.o)
 .bss           0x00000000008007aa        0x0 /usr/lib/gcc/avr/5.4.0/../../../avr/lib/avr5/libc.a(ultoa_invert.o)
 .bss           0x00000000008007aa        0x0 /usr/lib/gcc/avr/5.4.0/avr5/libgcc.a(_prologue.o)
 .bss           0x00000000008007aa        0x0 /usr/lib/gcc/avr/5.4.0/avr5/libgcc.a(_epilogue.o)
 *(.bss*)
 *(COMMON)
 COMMON         0x00000000008007aa        0x1 obj_arduino/la66.o
                0x00000000008007aa                PROCESS_EVENT_LA66_RESPONSE
 COMMON         0x00000000008007ab        0x5 obj_arduino/at-master.o
                0x00000000008007ab                at_cmd_list_list
                0x00000000008007ad                at_cmd_list
                0x00000000008007af                at_cmd_received_event
 COMMON         0x00000000008007b0        0x1 contiki-arduino.a(process.o)
                0x00000000008007b0                process_maxevents
 COMMON         0x00000000008007b1        0x1 contiki-arduino.a(serial-line.o)
                0x00000000008007b1                serial_line_event_message
 COMMON         0x00000000008007b2        0x8 contiki-arduino.a(clock.o)
                0x00000000008007b2                sleepseconds
                0x00000000008007b6                seconds
 COMMON         0x00000000008007ba        0x2 contiki-arduino.a(rs232.o)
                0x00000000008007ba                input_handler_0
 COMMON         0x00000000008007bc        0x6 /usr/lib/gcc/avr/5.4.0/../../../avr/lib/avr5/libc.a(iob.o)
                0x00000000008007bc                __iob
                0x00000000008007c2                PROVIDE (__bss_end, .)
                0x00000000000021e8                __data_load_start = LOADADDR (.data)
                0x0000000000002706                __data_load_end = (__data_load_start + SIZEOF (.data))

.noinit         0x00000000008007c2        0x0
                [!provide]                        PROVIDE (__noinit_start, .)
 *(.noinit*)
                [!provide]                        PROVIDE (__noinit_end, .)
                0x00000000008007c2                _end = .
                [!provide]                        PROVIDE (__heap_start, .)

.eeprom         0x0000000000810000        0x0
 *(.eeprom*)
                0x0000000000810000                __eeprom_end = .

.fuse
 *(.fuse)
 *(.lfuse)
 *(.hfuse)
 *(.efuse)

.lock
 *(.lock*)

.signature
 *(.signature*)

.user_signatures
 *(.user_signatures*)

.stab
 *(.stab)

.stabstr
 *(.stabstr)

.stab.excl
 *(.stab.excl)

.stab.exclstr
 *(.stab.exclstr)

.stab.index
 *(.stab.index)

.stab.indexstr
 *(.stab.indexstr)

.comment        0x0000000000000000       0x11
 *(.comment)
 .comment       0x0000000000000000       0x11 teste_la66.co
                                         0x12 (tamanho antes de relaxar)
 .comment       0x0000000000000011       0x12 obj_arduino/software_uart_serial_line.o
 .comment       0x0000000000000011       0x12 obj_arduino/la66.o
 .comment       0x0000000000000011       0x12 obj_arduino/at-master.o
 .comment       0x0000000000000011       0x12 contiki-arduino.a(process.o)
 .comment       0x0000000000000011       0x12 contiki-arduino.a(serial-line.o)
 .comment       0x0000000000000011       0x12 contiki-arduino.a(list.o)
 .comment       0x0000000000000011       0x12 contiki-arduino.a(ctimer.o)
 .comment       0x0000000000000011       0x12 contiki-arduino.a(ringbuf.o)
 .comment       0x0000000000000011       0x12 contiki-arduino.a(contiki-arduino)
 .comment       0x0000000000000011       0x12 contiki-arduino.a(clock.o)
 .comment       0x0000000000000011       0x12 contiki-arduino.a(procinit.o)
 .comment       0x0000000000000011       0x12 contiki-arduino.a(autostart.o)
 .comment       0x0000000000000011       0x12 contiki-arduino.a(etimer.o)
 .comment       0x0000000000000011       0x12 contiki-arduino.a(rs232.o)
 .comment       0x0000000000000011       0x12 contiki-arduino.a(timer.o)
 .comment       0x0000000000000011       0x12 /usr/lib/gcc/avr/5.4.0/../../../avr/lib/avr5/libc.a(iob.o)
 .comment       0x0000000000000011       0x12 /usr/lib/gcc/avr/5.4.0/../../../avr/lib/avr5/libc.a(printf.o)
 .comment       0x0000000000000011       0x12 /usr/lib/gcc/avr/5.4.0/../../../avr/lib/avr5/libc.a(printf_p.o)
 .comment       0x0000000000000011       0x12 /usr/lib/gcc/avr/5.4.0/../../../avr/lib/avr5/libc.a(puts.o)
 .comment       0x0000000000000011       0x12 /usr/lib/gcc/avr/5.4.0/../../../avr/lib/avr5/libc.a(snprintf.o)
 .comment       0x0000000000000011       0x12 /usr/lib/gcc/avr/5.4.0/../../../avr/lib/avr5/libc.a(vfprintf_std.o)
 .comment       0x0000000000000011       0x12 /usr/lib/gcc/avr/5.4.0/../../../avr/lib/avr5/libc.a(fputc.o)

.note.gnu.avr.deviceinfo
                0x0000000000000000       0x40
 .note.gnu.avr.deviceinfo
                0x0000000000000000       0x40 /usr/lib/gcc/avr/5.4.0/../../../avr/lib/avr5/crtatmega328p.o

.note.gnu.build-id
 *(.note.gnu.build-id)

.debug
 *(.debug)

.line
 *(.line)

.debug_srcinfo
 *(.debug_srcinfo)

.debug_sfnames
 *(.debug_sfnames)

.debug_aranges  0x0000000000000000      0x208
 *(.debug_aranges)
 .debug_aranges
                0x0000000000000000       0x20 teste_la66.co
 .debug_aranges
                0x0000000000000020       0x20 obj_arduino/software_uart_serial_line.o
 .debug_aranges
                0x0000000000000040       0x20 obj_arduino/la66.o
 .debug_aranges
                0x0000000000000060       0x20 obj_arduino/at-master.o
 .debug_aranges
                0x0000000000000080       0x20 contiki-arduino.a(process.o)
 .debug_aranges
                0x00000000000000a0       0x20 contiki-arduino.a(serial-line.o)
 .debug_aranges
                0x00000000000000c0       0x20 contiki-arduino.a(list.o)
 .debug_aranges
                0x00000000000000e0       0x20 contiki-arduino.a(ctimer.o)
 .debug_aranges
                0x0000000000000100       0x20 contiki-arduino.a(ringbuf.o)
 .debug_aranges
                0x0000000000000120       0x28 contiki-arduino.a(contiki-arduino)
 .debug_aranges
                0x0000000000000148       0x20 contiki-arduino.a(clock.o)
 .debug_aranges
                0x0000000000000168       0x20 contiki-arduino.a(procinit.o)
 .debug_aranges
                0x0000000000000188       0x20 contiki-arduino.a(autostart.o)
 .debug_aranges
                0x00000000000001a8       0x20 contiki-arduino.a(etimer.o)
 .debug_aranges
                0x00000000000001c8       0x20 contiki-arduino.a(rs232.o)
 .debug_aranges
                0x00000000000001e8       0x20 contiki-arduino.a(timer.o)

.debug_pubnames
 *(.debug_pubnames)

.debug_info     0x0000000000000000     0x5175
 *(.debug_info .gnu.linkonce.wi.*)
 .debug_info    0x0000000000000000      0x5f4 /usr/lib/gcc/avr/5.4.0/../../../avr/lib/avr5/crtatmega328p.o
 .debug_info    0x00000000000005f4      0x5c1 teste_la66.co
 .debug_info    0x0000000000000bb5      0x2c0 obj_arduino/software_uart_serial_line.o
 .debug_info    0x0000000000000e75      0xd4f obj_arduino/la66.o
 .debug_info    0x0000000000001bc4      0x650 obj_arduino/at-master.o
 .debug_info    0x0000000000002214      0x74f contiki-arduino.a(process.o)
 .debug_info    0x0000000000002963      0x45f contiki-arduino.a(serial-line.o)
 .debug_info    0x0000000000002dc2      0x3da contiki-arduino.a(list.o)
 .debug_info    0x000000000000319c      0x745 contiki-arduino.a(ctimer.o)
 .debug_info    0x00000000000038e1      0x1d1 contiki-arduino.a(ringbuf.o)
 .debug_info    0x0000000000003ab2      0x3b5 contiki-arduino.a(contiki-arduino)
 .debug_info    0x0000000000003e67      0x329 contiki-arduino.a(clock.o)
 .debug_info    0x0000000000004190      0x199 contiki-arduino.a(procinit.o)
 .debug_info    0x0000000000004329      0x1d6 contiki-arduino.a(autostart.o)
 .debug_info    0x00000000000044ff      0x684 contiki-arduino.a(etimer.o)
 .debug_info    0x0000000000004b83      0x434 contiki-arduino.a(rs232.o)
 .debug_info    0x0000000000004fb7      0x1be contiki-arduino.a(timer.o)

.debug_abbrev   0x0000000000000000     0x25bc
 *(.debug_abbrev)
 .debug_abbrev  0x0000000000000000      0x5a2 /usr/lib/gcc/avr/5.4.0/../../../avr/lib/avr5/crtatmega328p.o
 .debug_abbrev  0x00000000000005a2      0x276 teste_la66.co
 .debug_abbrev  0x0000000000000818      0x1a5 obj_arduino/software_uart_serial_line.o
 .debug_abbrev  0x00000000000009bd      0x331 obj_arduino/la66.o
 .debug_abbrev  0x0000000000000cee      0x26a obj_arduino/at-master.o
 .debug_abbrev  0x0000000000000f58      0x38b contiki-arduino.a(process.o)
 .debug_abbrev  0x00000000000012e3      0x213 contiki-arduino.a(serial-line.o)
 .debug_abbrev  0x00000000000014f6      0x1a4 contiki-arduino.a(list.o)
 .debug_abbrev  0x000000000000169a      0x223 contiki-arduino.a(ctimer.o)
 .debug_abbrev  0x00000000000018bd       0xf9 contiki-arduino.a(ringbuf.o)
 .debug_abbrev  0x00000000000019b6      0x1ad contiki-arduino.a(contiki-arduino)
 .debug_abbrev  0x0000000000001b63      0x206 contiki-arduino.a(clock.o)
 .debug_abbrev  0x0000000000001d69      0x11c contiki-arduino.a(procinit.o)
 .debug_abbrev  0x0000000000001e85      0x115 contiki-arduino.a(autostart.o)
 .debug_abbrev  0x0000000000001f9a      0x2db contiki-arduino.a(etimer.o)
 .debug_abbrev  0x0000000000002275      0x24f contiki-arduino.a(rs232.o)
 .debug_abbrev  0x00000000000024c4       0xf8 contiki-arduino.a(timer.o)

.debug_line     0x0000000000000000     0x1e16
 *(.debug_line .debug_line.* .debug_line_end)
 .debug_line    0x0000000000000000       0x1a /usr/lib/gcc/avr/5.4.0/../../../avr/lib/avr5/crtatmega328p.o
 .debug_line    0x000000000000001a      0x1ab teste_la66.co
 .debug_line    0x00000000000001c5      0x208 obj_arduino/software_uart_serial_line.o
 .debug_line    0x00000000000003cd      0x35d obj_arduino/la66.o
 .debug_line    0x000000000000072a      0x25c obj_arduino/at-master.o
 .debug_line    0x0000000000000986      0x35e contiki-arduino.a(process.o)
 .debug_line    0x0000000000000ce4      0x173 contiki-arduino.a(serial-line.o)
 .debug_line    0x0000000000000e57      0x1fc contiki-arduino.a(list.o)
 .debug_line    0x0000000000001053      0x2ad contiki-arduino.a(ctimer.o)
 .debug_line    0x0000000000001300      0x104 contiki-arduino.a(ringbuf.o)
 .debug_line    0x0000000000001404      0x1d1 contiki-arduino.a(contiki-arduino)
 .debug_line    0x00000000000015d5      0x1c0 contiki-arduino.a(clock.o)
 .debug_line    0x0000000000001795       0x85 contiki-arduino.a(procinit.o)
 .debug_line    0x000000000000181a       0xa6 contiki-arduino.a(autostart.o)
 .debug_line    0x00000000000018c0      0x310 contiki-arduino.a(etimer.o)
 .debug_line    0x0000000000001bd0      0x168 contiki-arduino.a(rs232.o)
 .debug_line    0x0000000000001d38       0xde contiki-arduino.a(timer.o)

.debug_frame    0x0000000000000000      0xd34
 *(.debug_frame)
 .debug_frame   0x0000000000000000       0xc8 teste_la66.co
 .debug_frame   0x00000000000000c8       0xcc obj_arduino/software_uart_serial_line.o
 .debug_frame   0x0000000000000194      0x1f8 obj_arduino/la66.o
 .debug_frame   0x000000000000038c      0x108 obj_arduino/at-master.o
 .debug_frame   0x0000000000000494      0x148 contiki-arduino.a(process.o)
 .debug_frame   0x00000000000005dc       0x50 contiki-arduino.a(serial-line.o)
 .debug_frame   0x000000000000062c       0xfc contiki-arduino.a(list.o)
 .debug_frame   0x0000000000000728       0xf8 contiki-arduino.a(ctimer.o)
 .debug_frame   0x0000000000000820       0x64 contiki-arduino.a(ringbuf.o)
 .debug_frame   0x0000000000000884       0x44 contiki-arduino.a(contiki-arduino)
 .debug_frame   0x00000000000008c8      0x118 contiki-arduino.a(clock.o)
 .debug_frame   0x00000000000009e0       0x30 contiki-arduino.a(procinit.o)
 .debug_frame   0x0000000000000a10       0x4c contiki-arduino.a(autostart.o)
 .debug_frame   0x0000000000000a5c      0x150 contiki-arduino.a(etimer.o)
 .debug_frame   0x0000000000000bac       0xf4 contiki-arduino.a(rs232.o)
 .debug_frame   0x0000000000000ca0       0x94 contiki-arduino.a(timer.o)

.debug_str      0x0000000000000000     0x108f
 *(.debug_str)
 .debug_str     0x0000000000000000      0x208 /usr/lib/gcc/avr/5.4.0/../../../avr/lib/avr5/crtatmega328p.o
 .debug_str     0x0000000000000208      0x2e4 teste_la66.co
                                        0x365 (tamanho antes de relaxar)
 .debug_str     0x00000000000004ec      0x134 obj_arduino/software_uart_serial_line.o
                                        0x26e (tamanho antes de relaxar)
 .debug_str     0x0000000000000620      0x1be obj_arduino/la66.o
                                        0x456 (tamanho antes de relaxar)
 .debug_str     0x00000000000007de      0x12d obj_arduino/at-master.o
                                        0x3ba (tamanho antes de relaxar)
 .debug_str     0x000000000000090b      0x139 contiki-arduino.a(process.o)
                                        0x2fa (tamanho antes de relaxar)
 .debug_str     0x0000000000000a44       0x8d contiki-arduino.a(serial-line.o)
                                        0x2c3 (tamanho antes de relaxar)
 .debug_str     0x0000000000000ad1       0x81 contiki-arduino.a(list.o)
                                        0x161 (tamanho antes de relaxar)
 .debug_str     0x0000000000000b52       0xf0 contiki-arduino.a(ctimer.o)
                                        0x30b (tamanho antes de relaxar)
 .debug_str     0x0000000000000c42       0x3f contiki-arduino.a(ringbuf.o)
                                        0x1ab (tamanho antes de relaxar)
 .debug_str     0x0000000000000c81      0x115 contiki-arduino.a(contiki-arduino)
                                        0x2fa (tamanho antes de relaxar)
 .debug_str     0x0000000000000d96       0xfe contiki-arduino.a(clock.o)
                                        0x252 (tamanho antes de relaxar)
 .debug_str     0x0000000000000e94       0x1a contiki-arduino.a(procinit.o)
                                        0x1a4 (tamanho antes de relaxar)
 .debug_str     0x0000000000000eae       0x2a contiki-arduino.a(autostart.o)
                                        0x1c4 (tamanho antes de relaxar)
 .debug_str     0x0000000000000ed8       0xce contiki-arduino.a(etimer.o)
                                        0x355 (tamanho antes de relaxar)
 .debug_str     0x0000000000000fa6       0xc2 contiki-arduino.a(rs232.o)
                                        0x222 (tamanho antes de relaxar)
 .debug_str     0x0000000000001068       0x27 contiki-arduino.a(timer.o)
                                        0x1a3 (tamanho antes de relaxar)

.debug_loc      0x0000000000000000     0x381f
 *(.debug_loc)
 .debug_loc     0x0000000000000000      0x466 teste_la66.co
 .debug_loc     0x0000000000000466      0x2c6 obj_arduino/software_uart_serial_line.o
 .debug_loc     0x000000000000072c      0xaa3 obj_arduino/la66.o
 .debug_loc     0x00000000000011cf      0x568 obj_arduino/at-master.o
 .debug_loc     0x0000000000001737      0x5d0 contiki-arduino.a(process.o)
 .debug_loc     0x0000000000001d07      0x1ad contiki-arduino.a(serial-line.o)
 .debug_loc     0x0000000000001eb4      0x472 contiki-arduino.a(list.o)
 .debug_loc     0x0000000000002326      0x5b9 contiki-arduino.a(ctimer.o)
 .debug_loc     0x00000000000028df       0xd3 contiki-arduino.a(ringbuf.o)
 .debug_loc     0x00000000000029b2       0x56 contiki-arduino.a(contiki-arduino)
 .debug_loc     0x0000000000002a08      0x299 contiki-arduino.a(clock.o)
 .debug_loc     0x0000000000002ca1       0x43 contiki-arduino.a(procinit.o)
 .debug_loc     0x0000000000002ce4       0xaa contiki-arduino.a(autostart.o)
 .debug_loc     0x0000000000002d8e      0x5c3 contiki-arduino.a(etimer.o)
 .debug_loc     0x0000000000003351      0x2c0 contiki-arduino.a(rs232.o)
 .debug_loc     0x0000000000003611      0x20e contiki-arduino.a(timer.o)

.debug_macinfo
 *(.debug_macinfo)

.debug_weaknames
 *(.debug_weaknames)

.debug_funcnames
 *(.debug_funcnames)

.debug_typenames
 *(.debug_typenames)

.debug_varnames
 *(.debug_varnames)

.debug_pubtypes
 *(.debug_pubtypes)

.debug_ranges   0x0000000000000000       0xa8
 *(.debug_ranges)
 .debug_ranges  0x0000000000000000       0x18 teste_la66.co
 .debug_ranges  0x0000000000000018       0x18 obj_arduino/la66.o
 .debug_ranges  0x0000000000000030       0x18 contiki-arduino.a(serial-line.o)
 .debug_ranges  0x0000000000000048       0x18 contiki-arduino.a(contiki-arduino)
 .debug_ranges  0x0000000000000060       0x18 contiki-arduino.a(clock.o)
 .debug_ranges  0x0000000000000078       0x30 contiki-arduino.a(etimer.o)

.debug_macro
 *(.debug_macro)
OUTPUT(teste_la66.arduino elf32-avr)
LOAD linker stubs

.bootloader     0x000000000001f800        0x0
